2026-09-20 13:30:40 | INFO | ========================================================================================
2026-09-20 13:30:40 | INFO | CORRDIFF - PHASE 13 - METEOROLOGICAL REGIMES
2026-09-20 13:30:40 | INFO | Phase 6 directory : analysis_outputs/06_diurnal
2026-09-20 13:30:40 | INFO | Aligned timestamps: 84684
2026-09-20 13:30:40 | INFO | Reference k       : 5
2026-09-20 13:30:40 | INFO | Candidate k       : [3, 4, 5, 6, 7, 8]
2026-09-20 13:30:40 | INFO | PCA variance      : 0.900
2026-09-20 13:30:40 | INFO | ========================================================================================
2026-09-20 13:30:41 | INFO | ----------------------------------------------------------------------------------------
2026-09-20 13:30:41 | INFO | Regime space: absolute
2026-09-20 13:31:15 | INFO | absolute | PCA components=7 | regime counts={1: np.int64(12887), 2: np.int64(16614), 3: np.int64(14422), 4: np.int64(18431), 5: np.int64(22330)}
2026-09-20 13:31:15 | INFO | absolute | label mapping old->display: {2: 1, 1: 2, 4: 3, 3: 4, 0: 5}
2026-09-20 13:31:15 | INFO | ----------------------------------------------------------------------------------------
2026-09-20 13:31:15 | INFO | Regime space: anomaly_month_hour
2026-09-20 13:31:54 | INFO | anomaly_month_hour | PCA components=7 | regime counts={1: np.int64(12418), 2: np.int64(20008), 3: np.int64(21040), 4: np.int64(15594), 5: np.int64(15624)}
2026-09-20 13:31:54 | INFO | anomaly_month_hour | label mapping old->display: {4: 1, 3: 2, 0: 3, 1: 4, 2: 5}
2026-09-20 13:31:54 | INFO | ========================================================================================
2026-09-20 13:31:54 | INFO | PHASE 13 COMPLETE
2026-09-20 13:31:54 | INFO | Output: analysis_outputs/13_regimes
2026-09-20 13:31:54 | INFO | ========================================================================================
