2026-09-20 11:08:36 | INFO | ================================================================================
2026-09-20 11:08:36 | INFO | CORRDIFF - PHASE 8 - PERSISTENCE BASELINES
2026-09-20 11:08:36 | INFO | Source timestamps : 84684
2026-09-20 11:08:36 | INFO | Common lag cohort : 49466
2026-09-20 11:08:36 | INFO | Lags              : [1, 2, 3, 6]
2026-09-20 11:08:36 | INFO | Train end         : 2019-12-31 23:00:00+00:00
2026-09-20 11:08:36 | INFO | Validation end    : 2021-12-31 23:00:00+00:00
2026-09-20 11:08:36 | INFO | Decay weights     : [0.4134240385356247, 0.2962312681546399, 0.21225897880377975, 0.07808571450595551]
2026-09-20 11:08:36 | INFO | ================================================================================
2026-09-20 11:08:41 | INFO | ================================================================================
2026-09-20 11:08:41 | INFO | PHASE 8 - RADAR TARGET CONTINUITY AUDIT
2026-09-20 11:08:41 | INFO | Zarr target patches  : 1016208
2026-09-20 11:08:41 | INFO | Unique timestamps    : 84684
2026-09-20 11:08:41 | INFO | Hash                 : BLAKE2b-128 over stored target bytes
2026-09-20 11:08:41 | INFO | ================================================================================
2026-09-20 11:08:41 | INFO | Target hash audit: 10240/84684 timestamps
2026-09-20 11:08:42 | INFO | Target hash audit: 20480/84684 timestamps
2026-09-20 11:08:43 | INFO | Target hash audit: 30720/84684 timestamps
2026-09-20 11:08:44 | INFO | Target hash audit: 40960/84684 timestamps
2026-09-20 11:08:44 | INFO | Target hash audit: 51200/84684 timestamps
2026-09-20 11:08:45 | INFO | Target hash audit: 61440/84684 timestamps
2026-09-20 11:08:45 | INFO | Target hash audit: 71680/84684 timestamps
2026-09-20 11:08:46 | INFO | Target hash audit: 81920/84684 timestamps
2026-09-20 11:08:46 | INFO | Target hash audit: 84684/84684 timestamps
2026-09-20 11:08:58 | INFO | ================================================================================
2026-09-20 11:08:58 | INFO | PHASE 8 COMPLETE
2026-09-20 11:08:58 | INFO | Output: analysis_outputs/08_persistence_baselines
2026-09-20 11:08:58 | INFO | ================================================================================
