2026-09-20 12:31:08 | INFO | ================================================================================
2026-09-20 12:31:08 | INFO | CORRDIFF - PHASE 11 - SPATIAL SCALES
2026-09-20 12:31:08 | INFO | Dataset              : datasets/corrdiff_2011_2024
2026-09-20 12:31:08 | INFO | Input shape          : (1016208, 12, 32, 32)
2026-09-20 12:31:08 | INFO | Target shape         : (1016208, 1, 32, 32)
2026-09-20 12:31:08 | INFO | Patch size           : 32x32
2026-09-20 12:31:08 | INFO | Haar levels          : 5
2026-09-20 12:31:08 | INFO | Coarse blocks        : [1, 2, 4, 8, 16]
2026-09-20 12:31:08 | INFO | Resolution           : 2.000 km/pixel
2026-09-20 12:31:08 | INFO | Raw channels         : ['tcwv', 't2m', 'u10', 'v10', 't_850', 'r_850', 'u_850', 'v_850', 't_500', 'r_500', 'u_500', 'v_500']
2026-09-20 12:31:08 | INFO | ================================================================================
2026-09-20 12:31:08 | INFO | ================================================================================
2026-09-20 12:31:08 | INFO | PHASE 11 - PASS A - TARGET STRATA
2026-09-20 12:31:08 | INFO | Target patches : 1016208
2026-09-20 12:31:08 | INFO | Target shape   : (1016208, 1, 32, 32)
2026-09-20 12:31:08 | INFO | ================================================================================
2026-09-20 12:31:08 | INFO | PASS A: 51200/1016208 patches
2026-09-20 12:31:08 | INFO | PASS A: 102400/1016208 patches
2026-09-20 12:31:08 | INFO | PASS A: 153600/1016208 patches
2026-09-20 12:31:08 | INFO | PASS A: 204800/1016208 patches
2026-09-20 12:31:08 | INFO | PASS A: 256000/1016208 patches
2026-09-20 12:31:08 | INFO | PASS A: 307200/1016208 patches
2026-09-20 12:31:08 | INFO | PASS A: 358400/1016208 patches
2026-09-20 12:31:08 | INFO | PASS A: 409600/1016208 patches
2026-09-20 12:31:08 | INFO | PASS A: 460800/1016208 patches
2026-09-20 12:31:08 | INFO | PASS A: 512000/1016208 patches
2026-09-20 12:31:08 | INFO | PASS A: 563200/1016208 patches
2026-09-20 12:31:08 | INFO | PASS A: 614400/1016208 patches
2026-09-20 12:31:08 | INFO | PASS A: 665600/1016208 patches
2026-09-20 12:31:08 | INFO | PASS A: 716800/1016208 patches
2026-09-20 12:31:08 | INFO | PASS A: 768000/1016208 patches
2026-09-20 12:31:08 | INFO | PASS A: 819200/1016208 patches
2026-09-20 12:31:08 | INFO | PASS A: 870400/1016208 patches
2026-09-20 12:31:08 | INFO | PASS A: 921600/1016208 patches
2026-09-20 12:31:08 | INFO | PASS A: 972800/1016208 patches
2026-09-20 12:31:09 | INFO | PASS A: 1016208/1016208 patches
2026-09-20 12:31:09 | INFO | Sampled patches       : 16273
2026-09-20 12:31:09 | INFO | Sample ratio          : 1.6013%
2026-09-20 12:31:09 | INFO | ================================================================================
2026-09-20 12:31:09 | INFO | PHASE 11 - PASS B - SCALE DECOMPOSITION
2026-09-20 12:31:09 | INFO | Chunks containing sample: 3574
2026-09-20 12:31:09 | INFO | ================================================================================
2026-09-20 12:31:25 | INFO | PASS B: chunks 200/3574 | patches 960/16273
2026-09-20 12:31:40 | INFO | PASS B: chunks 400/3574 | patches 1661/16273
2026-09-20 12:31:56 | INFO | PASS B: chunks 600/3574 | patches 2828/16273
2026-09-20 12:32:12 | INFO | PASS B: chunks 800/3574 | patches 3738/16273
2026-09-20 12:32:28 | INFO | PASS B: chunks 1000/3574 | patches 4580/16273
2026-09-20 12:32:44 | INFO | PASS B: chunks 1200/3574 | patches 5518/16273
2026-09-20 12:33:00 | INFO | PASS B: chunks 1400/3574 | patches 6461/16273
2026-09-20 12:33:15 | INFO | PASS B: chunks 1600/3574 | patches 7195/16273
2026-09-20 12:33:31 | INFO | PASS B: chunks 1800/3574 | patches 8096/16273
2026-09-20 12:33:47 | INFO | PASS B: chunks 2000/3574 | patches 9086/16273
2026-09-20 12:34:03 | INFO | PASS B: chunks 2200/3574 | patches 10005/16273
2026-09-20 12:34:18 | INFO | PASS B: chunks 2400/3574 | patches 10931/16273
2026-09-20 12:34:34 | INFO | PASS B: chunks 2600/3574 | patches 11769/16273
2026-09-20 12:34:50 | INFO | PASS B: chunks 2800/3574 | patches 12636/16273
2026-09-20 12:35:06 | INFO | PASS B: chunks 3000/3574 | patches 13525/16273
2026-09-20 12:35:22 | INFO | PASS B: chunks 3200/3574 | patches 14279/16273
2026-09-20 12:35:38 | INFO | PASS B: chunks 3400/3574 | patches 15257/16273
2026-09-20 12:35:52 | INFO | PASS B: chunks 3574/3574 | patches 16273/16273
2026-09-20 12:35:52 | INFO | ================================================================================
2026-09-20 12:35:52 | INFO | PHASE 11 COMPLETE
2026-09-20 12:35:52 | INFO | Output: analysis_outputs/11_spatial_scales
2026-09-20 12:35:52 | INFO | ================================================================================
