2026-09-20 11:47:14 | INFO | ================================================================================
2026-09-20 11:47:14 | INFO | CORRDIFF - PHASE 10 - SPATIAL ERA5 x RADAR
2026-09-20 11:47:14 | INFO | Dataset              : datasets/corrdiff_2011_2024
2026-09-20 11:47:14 | INFO | Input shape          : (1016208, 12, 32, 32)
2026-09-20 11:47:14 | INFO | Target shape         : (1016208, 1, 32, 32)
2026-09-20 11:47:14 | INFO | Raw channels         : ['tcwv', 't2m', 'u10', 'v10', 't_850', 'r_850', 'u_850', 'v_850', 't_500', 'r_500', 'u_500', 'v_500']
2026-09-20 11:47:14 | INFO | Derived channels     : ['wind_speed_10', 'wind_speed_850', 'wind_speed_500', 'delta_t_500_850', 'delta_t_850_surface', 'delta_r_500_850', 'bulk_wind_diff_10_850', 'bulk_wind_diff_850_500']
2026-09-20 11:47:14 | INFO | Smoothing windows    : [1, 3, 5, 9, 17]
2026-09-20 11:47:14 | INFO | Offset steps         : [2, 4, 8]
2026-09-20 11:47:14 | INFO | Resolution           : 2.000 km/pixel
2026-09-20 11:47:14 | INFO | ================================================================================
2026-09-20 11:47:14 | INFO | ================================================================================
2026-09-20 11:47:14 | INFO | PHASE 10 - PASS A - TARGET STRATA
2026-09-20 11:47:14 | INFO | Target patches : 1016208
2026-09-20 11:47:14 | INFO | Target shape   : (1016208, 1, 32, 32)
2026-09-20 11:47:14 | INFO | ================================================================================
2026-09-20 11:47:14 | INFO | PASS A: 51200/1016208 patches
2026-09-20 11:47:14 | INFO | PASS A: 102400/1016208 patches
2026-09-20 11:47:14 | INFO | PASS A: 153600/1016208 patches
2026-09-20 11:47:14 | INFO | PASS A: 204800/1016208 patches
2026-09-20 11:47:14 | INFO | PASS A: 256000/1016208 patches
2026-09-20 11:47:14 | INFO | PASS A: 307200/1016208 patches
2026-09-20 11:47:14 | INFO | PASS A: 358400/1016208 patches
2026-09-20 11:47:14 | INFO | PASS A: 409600/1016208 patches
2026-09-20 11:47:15 | INFO | PASS A: 460800/1016208 patches
2026-09-20 11:47:15 | INFO | PASS A: 512000/1016208 patches
2026-09-20 11:47:15 | INFO | PASS A: 563200/1016208 patches
2026-09-20 11:47:15 | INFO | PASS A: 614400/1016208 patches
2026-09-20 11:47:15 | INFO | PASS A: 665600/1016208 patches
2026-09-20 11:47:15 | INFO | PASS A: 716800/1016208 patches
2026-09-20 11:47:15 | INFO | PASS A: 768000/1016208 patches
2026-09-20 11:47:15 | INFO | PASS A: 819200/1016208 patches
2026-09-20 11:47:15 | INFO | PASS A: 870400/1016208 patches
2026-09-20 11:47:15 | INFO | PASS A: 921600/1016208 patches
2026-09-20 11:47:15 | INFO | PASS A: 972800/1016208 patches
2026-09-20 11:47:15 | INFO | PASS A: 1016208/1016208 patches
2026-09-20 11:47:15 | INFO | Sampled patches       : 16273
2026-09-20 11:47:15 | INFO | Sample ratio          : 1.6013%
2026-09-20 11:47:15 | INFO | ================================================================================
2026-09-20 11:47:15 | INFO | PHASE 10 - PASS B - ALIGNED INPUT/TARGET
2026-09-20 11:47:15 | INFO | Chunks containing sample: 3574
2026-09-20 11:47:15 | INFO | ================================================================================
2026-09-20 11:47:22 | INFO | PASS B: chunks 200/3574 | patches 960/16273
2026-09-20 11:47:27 | INFO | PASS B: chunks 400/3574 | patches 1661/16273
2026-09-20 11:47:34 | INFO | PASS B: chunks 600/3574 | patches 2828/16273
2026-09-20 11:47:40 | INFO | PASS B: chunks 800/3574 | patches 3738/16273
2026-09-20 11:47:46 | INFO | PASS B: chunks 1000/3574 | patches 4580/16273
2026-09-20 11:47:52 | INFO | PASS B: chunks 1200/3574 | patches 5518/16273
2026-09-20 11:47:59 | INFO | PASS B: chunks 1400/3574 | patches 6461/16273
2026-09-20 11:48:04 | INFO | PASS B: chunks 1600/3574 | patches 7195/16273
2026-09-20 11:48:10 | INFO | PASS B: chunks 1800/3574 | patches 8096/16273
2026-09-20 11:48:17 | INFO | PASS B: chunks 2000/3574 | patches 9086/16273
2026-09-20 11:48:23 | INFO | PASS B: chunks 2200/3574 | patches 10005/16273
2026-09-20 11:48:29 | INFO | PASS B: chunks 2400/3574 | patches 10931/16273
2026-09-20 11:48:35 | INFO | PASS B: chunks 2600/3574 | patches 11769/16273
2026-09-20 11:48:41 | INFO | PASS B: chunks 2800/3574 | patches 12636/16273
2026-09-20 11:48:47 | INFO | PASS B: chunks 3000/3574 | patches 13525/16273
2026-09-20 11:48:53 | INFO | PASS B: chunks 3200/3574 | patches 14279/16273
2026-09-20 11:48:59 | INFO | PASS B: chunks 3400/3574 | patches 15257/16273
2026-09-20 11:49:05 | INFO | PASS B: chunks 3574/3574 | patches 16273/16273
2026-09-20 11:49:05 | INFO | ================================================================================
2026-09-20 11:49:05 | INFO | PHASE 10 COMPLETE
2026-09-20 11:49:05 | INFO | Output: analysis_outputs/10_spatial_era5_radar
2026-09-20 11:49:05 | INFO | ================================================================================
