2026-09-20 13:02:31 | INFO | ================================================================================
2026-09-20 13:02:31 | INFO | CORRDIFF - PHASE 12 - MULTIVARIATE ANALYSIS
2026-09-20 13:02:31 | INFO | Input shape          : (1016208, 12, 32, 32)
2026-09-20 13:02:31 | INFO | Target shape         : (1016208, 1, 32, 32)
2026-09-20 13:02:31 | INFO | Sample/stratum       : 3000
2026-09-20 13:02:31 | INFO | ================================================================================
2026-09-20 13:02:31 | INFO | ================================================================================
2026-09-20 13:02:31 | INFO | PHASE 12 - PASS A - TARGET STRATA
2026-09-20 13:02:31 | INFO | Target patches : 1016208
2026-09-20 13:02:31 | INFO | ================================================================================
2026-09-20 13:02:31 | INFO | PASS A: 51200/1016208 patches
2026-09-20 13:02:31 | INFO | PASS A: 102400/1016208 patches
2026-09-20 13:02:31 | INFO | PASS A: 153600/1016208 patches
2026-09-20 13:02:31 | INFO | PASS A: 204800/1016208 patches
2026-09-20 13:02:31 | INFO | PASS A: 256000/1016208 patches
2026-09-20 13:02:31 | INFO | PASS A: 307200/1016208 patches
2026-09-20 13:02:31 | INFO | PASS A: 358400/1016208 patches
2026-09-20 13:02:31 | INFO | PASS A: 409600/1016208 patches
2026-09-20 13:02:31 | INFO | PASS A: 460800/1016208 patches
2026-09-20 13:02:31 | INFO | PASS A: 512000/1016208 patches
2026-09-20 13:02:31 | INFO | PASS A: 563200/1016208 patches
2026-09-20 13:02:31 | INFO | PASS A: 614400/1016208 patches
2026-09-20 13:02:31 | INFO | PASS A: 665600/1016208 patches
2026-09-20 13:02:31 | INFO | PASS A: 716800/1016208 patches
2026-09-20 13:02:31 | INFO | PASS A: 768000/1016208 patches
2026-09-20 13:02:31 | INFO | PASS A: 819200/1016208 patches
2026-09-20 13:02:31 | INFO | PASS A: 870400/1016208 patches
2026-09-20 13:02:31 | INFO | PASS A: 921600/1016208 patches
2026-09-20 13:02:31 | INFO | PASS A: 972800/1016208 patches
2026-09-20 13:02:32 | INFO | PASS A: 1016208/1016208 patches
2026-09-20 13:02:32 | INFO | Sampled patches       : 16273
2026-09-20 13:02:32 | INFO | Sample ratio          : 1.6013%
2026-09-20 13:02:32 | INFO | ================================================================================
2026-09-20 13:02:32 | INFO | PHASE 12 - PASS B - PATCH FEATURES
2026-09-20 13:02:32 | INFO | Chunks containing sample: 3574
2026-09-20 13:02:32 | INFO | ================================================================================
2026-09-20 13:02:33 | INFO | PASS B: chunks 200/3574 | patches 960/16273
2026-09-20 13:02:33 | INFO | PASS B: chunks 400/3574 | patches 1661/16273
2026-09-20 13:02:34 | INFO | PASS B: chunks 600/3574 | patches 2828/16273
2026-09-20 13:02:35 | INFO | PASS B: chunks 800/3574 | patches 3738/16273
2026-09-20 13:02:36 | INFO | PASS B: chunks 1000/3574 | patches 4580/16273
2026-09-20 13:02:37 | INFO | PASS B: chunks 1200/3574 | patches 5518/16273
2026-09-20 13:02:37 | INFO | PASS B: chunks 1400/3574 | patches 6461/16273
2026-09-20 13:02:38 | INFO | PASS B: chunks 1600/3574 | patches 7195/16273
2026-09-20 13:02:39 | INFO | PASS B: chunks 1800/3574 | patches 8096/16273
2026-09-20 13:02:40 | INFO | PASS B: chunks 2000/3574 | patches 9086/16273
2026-09-20 13:02:40 | INFO | PASS B: chunks 2200/3574 | patches 10005/16273
2026-09-20 13:02:41 | INFO | PASS B: chunks 2400/3574 | patches 10931/16273
2026-09-20 13:02:42 | INFO | PASS B: chunks 2600/3574 | patches 11769/16273
2026-09-20 13:02:43 | INFO | PASS B: chunks 2800/3574 | patches 12636/16273
2026-09-20 13:02:44 | INFO | PASS B: chunks 3000/3574 | patches 13525/16273
2026-09-20 13:02:44 | INFO | PASS B: chunks 3200/3574 | patches 14279/16273
2026-09-20 13:02:45 | INFO | PASS B: chunks 3400/3574 | patches 15257/16273
2026-09-20 13:02:46 | INFO | PASS B: chunks 3574/3574 | patches 16273/16273
2026-09-20 13:02:46 | INFO | fold_id  train_start_year  train_end_year  eval_start_year  eval_end_year  n_train_rows  n_eval_rows  weighted_train_mass  weighted_eval_mass  n_train_timestamps  n_eval_timestamps
     F1              2011            2014             2015           2016          4863         2311        308128.837000       161455.823333                3796               1909
     F2              2011            2016             2017           2018          7174         2548        469584.660333       157829.545000                5705               2133
     F3              2011            2018             2019           2020          9722         2295        627414.205333       136494.407667                7838               1922
     F4              2011            2020             2021           2022         12017         2355        763908.613000       149694.099000                9760               2045
     F5              2011            2022             2023           2024         14372         1901        913602.712000       102605.288000               11805               1517
2026-09-20 13:02:46 | INFO | F1 | train=4863 | eval=2311
2026-09-20 13:03:01 | INFO | F2 | train=7174 | eval=2548
2026-09-20 13:03:17 | INFO | F3 | train=9722 | eval=2295
2026-09-20 13:03:32 | INFO | F4 | train=12017 | eval=2355
2026-09-20 13:03:57 | INFO | F5 | train=14372 | eval=1901
2026-09-20 13:04:21 | INFO | ================================================================================
2026-09-20 13:04:21 | INFO | PHASE 12 COMPLETE
2026-09-20 13:04:21 | INFO | Output: analysis_outputs/12_multivariate
2026-09-20 13:04:21 | INFO | ================================================================================
